// Vitest Snapshot v1, https://vitest.dev/guide/snapshot.html

exports[`dry-run-extrinsic > dry run extrinsic 1`] = `
{
  "Ok": {
    "Ok": [],
  },
}
`;

exports[`dry-run-extrinsic > dry run extrinsic 2`] = `
[
  [
    "0x1da53b775b270400e7e61ed5cbc5a146c726478796bad0b9cabd7481dbe64983",
    undefined,
  ],
  [
    "0x26aa394eea5630e07c48ae0c9558cef70a98fdbe9ce6c55837576c60c7af3850",
    "0x0e000000",
  ],
  [
    "0x26aa394eea5630e07c48ae0c9558cef734abf5cb34d6244378cddbf18e849d96",
    "0xa279094100000007493c6ebb0100",
  ],
  [
    "0x26aa394eea5630e07c48ae0c9558cef780d41e5e16056765bc8461851072c9d7",
    "0x38020b0a00016d6f646c6163612f63647074000000000000000000000000000000000000000011971a0007000000000000000000000000020b0a00016d6f646c6163612f636470740000000000000000000000000000000000000000cf75186100000000000000000000000000020b0a00016d6f646c6163612f636470740000000000000000000000000000000000000000b987cd2800000000000000000000000000020b0a00016d6f646c6163612f636470740000000000000000000000000000000000000000d16694700100000000000000000000000000000000000000c2321f3e0002000000010000000000c2e498170002010000020000000a0888dc3417d5058ec4b4503e0c12ea1a0a89be200fe98922423d4334014fa6b0eedca5a0920000000000000000000000000000020000000003d17c2d7823ebf260fd138f2d7e27d114c0145d968b5ff5006125f2414fadae690000020000000a00d17c2d7823ebf260fd138f2d7e27d114c0145d968b5ff5006125f2414fadae690010a5d4e800000000000000000000000000020000000a0288dc3417d5058ec4b4503e0c12ea1a0a89be200fe98922423d4334014fa6b0eed17c2d7823ebf260fd138f2d7e27d114c0145d968b5ff5006125f2414fadae690010a5d4e800000000000000000000000000020000000a076d6f646c6163612f747273790000000000000000000000000000000000000000dca5a0920000000000000000000000000000020000001406dca5a0920000000000000000000000000000020000000e0388dc3417d5058ec4b4503e0c12ea1a0a89be200fe98922423d4334014fa6b0eedca5a09200000000000000000000000000000000000000000000000000000000000000000000000000000000000000000000020000000000a279094100000000",
  ],
  [
    "0x26aa394eea5630e07c48ae0c9558cef7a86da5a932684f199539836fcb8c886f",
    "0x68150000",
  ],
  [
    "0x26aa394eea5630e07c48ae0c9558cef7b99d880ec681799c0cf30e8886371da9280b197190fc1a763257f65171ea366e88dc3417d5058ec4b4503e0c12ea1a0a89be200fe98922423d4334014fa6b0ee",
    "0x0100000000000000010000000000000024ca803d958c03000000000000000000000000000000000000000000000000000000000000000000000000000000000000000000000000000000000000000000",
  ],
  [
    "0x26aa394eea5630e07c48ae0c9558cef7b99d880ec681799c0cf30e8886371da98a437914f3dd43c1f1f4289c5f1baa47d17c2d7823ebf260fd138f2d7e27d114c0145d968b5ff5006125f2414fadae69",
    "0x000000000000000001000000000000000010a5d4e80000000000000000000000000000000000000000000000000000000000000000000000000000000000000000000000000000000000000000000000",
  ],
  [
    "0x26aa394eea5630e07c48ae0c9558cef7b99d880ec681799c0cf30e8886371da9ae10bf9cd0e372c142b2ca90219666906d6f646c6163612f747273790000000000000000000000000000000000000000",
    "0x000000000000000016000000000000000e1d6b377abc74020000000000000000000000000000000000000000000000000000000000000000000000000000000000000000000000000000000000000000",
  ],
  [
    "0x26aa394eea5630e07c48ae0c9558cef7df1daeb8986837f21cc5d17596bb78d19eb2dcce60f37a2702000000",
    "0x49024102840088dc3417d5058ec4b4503e0c12ea1a0a89be200fe98922423d4334014fa6b0ee00d90258d0bb17c04ae889cea745c25f2210139fce8ba58b93f32cbb263264fdbd6350aa06556466ec13ad5c54ed3ae6821741baef385a4c0bfb879dc4c3651607040000000a0000d17c2d7823ebf260fd138f2d7e27d114c0145d968b5ff5006125f2414fadae69070010a5d4e8",
  ],
  [
    "0x26aa394eea5630e07c48ae0c9558cef7ff553b5a9862a516939d82b3d3d8661a",
    "0x0003000000",
  ],
  [
    "0x3a65787472696e7369635f696e646578",
    "0x03000000",
  ],
  [
    "0x3a7472616e73616374696f6e5f6c6576656c3a",
    undefined,
  ],
]
`;

exports[`dry-run-extrinsic > dry run extrinsic with fake signature 1`] = `
{
  "Ok": {
    "Ok": [],
  },
}
`;

exports[`dry-run-extrinsic > dry run extrinsic with fake signature 2`] = `
[
  [
    "0x1da53b775b270400e7e61ed5cbc5a146c726478796bad0b9cabd7481dbe64983",
    undefined,
  ],
  [
    "0x26aa394eea5630e07c48ae0c9558cef70a98fdbe9ce6c55837576c60c7af3850",
    "0x0b000000",
  ],
  [
    "0x26aa394eea5630e07c48ae0c9558cef734abf5cb34d6244378cddbf18e849d96",
    "0x07302bec2f0136330300000007493c6ebb0100",
  ],
  [
    "0x26aa394eea5630e07c48ae0c9558cef780d41e5e16056765bc8461851072c9d7",
    "0x2c020b0a00016d6f646c6163612f63647074000000000000000000000000000000000000000011971a0007000000000000000000000000020b0a00016d6f646c6163612f636470740000000000000000000000000000000000000000cf75186100000000000000000000000000020b0a00016d6f646c6163612f636470740000000000000000000000000000000000000000b987cd2800000000000000000000000000020b0a00016d6f646c6163612f636470740000000000000000000000000000000000000000d16694700100000000000000000000000000000000000000c2321f3e0002000000010000000000c2e498170002010000020000000a0888dc3417d5058ec4b4503e0c12ea1a0a89be200fe98922423d4334014fa6b0ee56675d7e000000000000000000000000000002000000ff00000000020000000a0788dc3417d5058ec4b4503e0c12ea1a0a89be200fe98922423d4334014fa6b0ee56675d7e0000000000000000000000000000020000000e0388dc3417d5058ec4b4503e0c12ea1a0a89be200fe98922423d4334014fa6b0ee000000000000000000000000000000000000000000000000000000000000000000000000000000000000000000000000000002000000000007302bec2f0136330300000100",
  ],
  [
    "0x26aa394eea5630e07c48ae0c9558cef7a86da5a932684f199539836fcb8c886f",
    "0x46150000",
  ],
  [
    "0x26aa394eea5630e07c48ae0c9558cef7b99d880ec681799c0cf30e8886371da9280b197190fc1a763257f65171ea366e88dc3417d5058ec4b4503e0c12ea1a0a89be200fe98922423d4334014fa6b0ee",
    "0x010000000000000001000000000000000080c6a47e8d03000000000000000000000000000000000000000000000000000000000000000000000000000000000000000000000000000000000000000000",
  ],
  [
    "0x26aa394eea5630e07c48ae0c9558cef7df1daeb8986837f21cc5d17596bb78d19eb2dcce60f37a2702000000",
    "0xc101b901840088dc3417d5058ec4b4503e0c12ea1a0a89be200fe98922423d4334014fa6b0ee01deadbeefcdcdcdcdcdcdcdcdcdcdcdcdcdcdcdcdcdcdcdcdcdcdcdcdcdcdcdcdcdcdcdcdcdcdcdcdcdcdcdcdcdcdcdcdcdcdcdcdcdcdcdcdcdcdcdcdcdcdcdcd000000ff00000080969800",
  ],
  [
    "0x26aa394eea5630e07c48ae0c9558cef7ff553b5a9862a516939d82b3d3d8661a",
    "0x0003000000",
  ],
  [
    "0x3a65787472696e7369635f696e646578",
    "0x03000000",
  ],
  [
    "0x3a7472616e73616374696f6e5f6c6576656c3a",
    undefined,
  ],
  [
    "0xc2261276cc9d1f8598ea4b6a74b15c2f57c875e4cff74148e4628f264b974c80",
    "0x001faafaf5abc9353600000000000000",
  ],
]
`;
